John,Doe,1138
Alex,Row,1887
Lelouch,vi Britannia,2010
Vash,Stampede,3211